[www.lexilogos.com/keyboard/sanskrit_vedic.html]
[backblue.gif]
[fade.gif]
[index.html]
[www.lexilogos.com/images/babel_bruegel.jpg]
[www.lexilogos.com/keyboard/font/siddhanta.ttf]
[www.lexilogos.com/code/base.js]
[www.lexilogos.com/code/carsa.js]
[www.lexilogos.com/code/clipboard.js]
[www.lexilogos.com/code/savee.js]
[www.lexilogos.com/images/lexilogos_papagai.gif]
[www.lexilogos.com/images/lexilogos_english.gif]
[www.lexilogos.com/keyboard/index.html]
[www.lexilogos.com/images/keyboard.gif]
[www.lexilogos.com/images/don_e.png]
[www.lexilogos.com/images/w_bouscateur.gif]
[www.lexilogos.com/images/fra.gif]
[www.lexilogos.com/keyboard/ipa.html]
[www.lexilogos.com/keyboard/latin_alphabet.html]
[www.lexilogos.com/keyboard/diacritics.html]
[www.lexilogos.com/keyboard/albanian.html]
[www.lexilogos.com/keyboard/amharic.html]
[www.lexilogos.com/keyboard/arabic.html]
[www.lexilogos.com/keyboard/arabic_latin.html]
[www.lexilogos.com/keyboard/arabian_north.html]
[www.lexilogos.com/keyboard/arabian_south.html]
[www.lexilogos.com/keyboard/armenian.html]
[www.lexilogos.com/keyboard/armenian_western.html]
[www.lexilogos.com/keyboard/azeri.html]
[www.lexilogos.com/keyboard/bashkir.html]
[www.lexilogos.com/keyboard/baybayin.html]
[www.lexilogos.com/keyboard/belarusian.html]
[www.lexilogos.com/keyboard/bengali.html]
[www.lexilogos.com/keyboard/tamazight_latin.html]
[www.lexilogos.com/keyboard/tamazight.html]
[www.lexilogos.com/keyboard/bosnian.html]
[www.lexilogos.com/keyboard/brahmi.html]
[www.lexilogos.com/keyboard/bulgarian.html]
[www.lexilogos.com/keyboard/burmese.html]
[www.lexilogos.com/keyboard/catalan.html]
[www.lexilogos.com/keyboard/chechen.html]
[www.lexilogos.com/keyboard/tsalagi.html]
[www.lexilogos.com/keyboard/chinese.html]
[www.lexilogos.com/keyboard/chinese_pinyin.html]
[www.lexilogos.com/keyboard/coptic.html]
[www.lexilogos.com/keyboard/croatian.html]
[www.lexilogos.com/keyboard/czech.html]
[www.lexilogos.com/keyboard/danish.html]
[www.lexilogos.com/keyboard/dutch.html]
[www.lexilogos.com/keyboard/hieroglyph.html]
[www.lexilogos.com/keyboard/egyptian_latin.html]
[www.lexilogos.com/keyboard/english.html]
[www.lexilogos.com/keyboard/esperanto.html]
[www.lexilogos.com/keyboard/estonian.html]
[www.lexilogos.com/keyboard/faroese.html]
[www.lexilogos.com/keyboard/finnish.html]
[www.lexilogos.com/keyboard/french.html]
[www.lexilogos.com/keyboard/gaelic_irish.html]
[www.lexilogos.com/keyboard/gaelic_scottish.html]
[www.lexilogos.com/keyboard/georgian.html]
[www.lexilogos.com/keyboard/german.html]
[www.lexilogos.com/keyboard/glagolitic.html]
[www.lexilogos.com/keyboard/gothic.html]
[www.lexilogos.com/keyboard/grantha.html]
[www.lexilogos.com/keyboard/greek_ancient.html]
[www.lexilogos.com/keyboard/greek_modern.html]
[www.lexilogos.com/keyboard/greek_latin.html]
[www.lexilogos.com/keyboard/gujarati.html]
[www.lexilogos.com/keyboard/hausa.html]
[www.lexilogos.com/keyboard/hawaiian.html]
[www.lexilogos.com/keyboard/hebrew.html]
[www.lexilogos.com/keyboard/hebrew_latin.html]
[www.lexilogos.com/keyboard/devanagari.html]
[www.lexilogos.com/keyboard/hungarian.html]
[www.lexilogos.com/keyboard/icelandic.html]
[www.lexilogos.com/keyboard/indo_european.html]
[www.lexilogos.com/keyboard/ingush.html]
[www.lexilogos.com/keyboard/inuktitut.html]
[www.lexilogos.com/keyboard/italian.html]
[www.lexilogos.com/keyboard/japanese.html]
[www.lexilogos.com/keyboard/hiragana.html]
[www.lexilogos.com/keyboard/katakana.html]
[www.lexilogos.com/keyboard/jawi.html]
[www.lexilogos.com/keyboard/kannada.html]
[www.lexilogos.com/keyboard/kashmiri.html]
[www.lexilogos.com/keyboard/kashubian.html]
[www.lexilogos.com/keyboard/kazakh.html]
[www.lexilogos.com/keyboard/khmer.html]
[www.lexilogos.com/keyboard/khowar.html]
[www.lexilogos.com/keyboard/korean.html]
[www.lexilogos.com/keyboard/kurdish.html]
[www.lexilogos.com/keyboard/kyrgyz.html]
[www.lexilogos.com/keyboard/lao.html]
[www.lexilogos.com/keyboard/latin.html]
[www.lexilogos.com/keyboard/latvian.html]
[www.lexilogos.com/keyboard/lingala.html]
[www.lexilogos.com/keyboard/lithuanian.html]
[www.lexilogos.com/keyboard/macedonian.html]
[www.lexilogos.com/keyboard/malayalam.html]
[www.lexilogos.com/keyboard/thaana.html]
[www.lexilogos.com/keyboard/maltese.html]
[www.lexilogos.com/keyboard/maori.html]
[www.lexilogos.com/keyboard/meitei.html]
[www.lexilogos.com/keyboard/mongolian.html]
[www.lexilogos.com/keyboard/montenegrin.html]
[www.lexilogos.com/keyboard/norwegian.html]
[www.lexilogos.com/keyboard/odia.html]
[www.lexilogos.com/keyboard/pashto.html]
[www.lexilogos.com/keyboard/persian.html]
[www.lexilogos.com/keyboard/persian_old.html]
[www.lexilogos.com/keyboard/phoenician.html]
[www.lexilogos.com/keyboard/polish.html]
[www.lexilogos.com/keyboard/portuguese.html]
[www.lexilogos.com/keyboard/gurmukhi.html]
[www.lexilogos.com/keyboard/romanian.html]
[www.lexilogos.com/keyboard/futhark.html]
[www.lexilogos.com/keyboard/futhark_old.html]
[www.lexilogos.com/keyboard/russian.html]
[www.lexilogos.com/keyboard/samaritan.html]
[www.lexilogos.com/keyboard/sanskrit_devanagari.html]
[www.lexilogos.com/keyboard/sanskrit_devanagari_uttara.html]
[www.lexilogos.com/keyboard/sanskrit_latin.html]
[www.lexilogos.com/keyboard/serbian.html]
[www.lexilogos.com/keyboard/serbian_latin.html]
[www.lexilogos.com/keyboard/sindhi.html]
[www.lexilogos.com/keyboard/sinhala.html]
[www.lexilogos.com/keyboard/slovak.html]
[www.lexilogos.com/keyboard/slovenian.html]
[www.lexilogos.com/keyboard/osmanya.html]
[www.lexilogos.com/keyboard/sorani.html]
[www.lexilogos.com/keyboard/spanish.html]
[www.lexilogos.com/keyboard/swedish.html]
[www.lexilogos.com/keyboard/syriac.html]
[www.lexilogos.com/keyboard/syriac_latin.html]
[www.lexilogos.com/keyboard/tajik.html]
[www.lexilogos.com/keyboard/tamil.html]
[www.lexilogos.com/keyboard/tatar.html]
[www.lexilogos.com/keyboard/telugu.html]
[www.lexilogos.com/keyboard/thai.html]
[www.lexilogos.com/keyboard/tibetan.html]
[www.lexilogos.com/keyboard/tigrinya.html]
[www.lexilogos.com/keyboard/torwali.html]
[www.lexilogos.com/keyboard/turkish.html]
[www.lexilogos.com/keyboard/ottoman_turkish.html]
[www.lexilogos.com/keyboard/turkmen.html]
[www.lexilogos.com/keyboard/ukrainian.html]
[www.lexilogos.com/keyboard/urdu.html]
[www.lexilogos.com/keyboard/uyghur.html]
[www.lexilogos.com/keyboard/uzbek.html]
[www.lexilogos.com/keyboard/vietnamese.html]
[www.lexilogos.com/keyboard/welsh.html]
[www.lexilogos.com/keyboard/wolof.html]
[www.lexilogos.com/keyboard/yiddish.html]
[www.lexilogos.com/keyboard/yoruba.html]
[www.lexilogos.com/keyboard/sanskrit_conversion.html]
[www.lexilogos.com/images/w_enveloppe.gif]
[www.lexilogos.com/images/w_accueil.gif]
[www.lexilogos.com/images/w_q.gif]
[www.lexilogos.com/images/w_cor.gif]
[www.lexilogos.com/keyboard/sanskrit_vedic.html]
[www.lexilogos.com/images/ext.gif]
[www.lexilogos.com/images/ext.png]
[www.lexilogos.com/images/f_i.gif]
[www.lexilogos.com/images/envoi.gif]
[www.lexilogos.com/images/form.gif]
[www.lexilogos.com/images/effacer.png]
[www.lexilogos.com/images/ligne.png]
[www.lexilogos.com/css/style.css]
[www.lexilogos.com/z/live_eng.js]
[www.lexilogos.com/z/noframe.js]
[www.lexilogos.com/keyboard/abkhaz.html]
[www.lexilogos.com/keyboard/amharic_latin.html]
[www.lexilogos.com/keyboard/aramaic.html]
[www.lexilogos.com/keyboard/assamese.html]
[www.lexilogos.com/keyboard/avestan.html]
[www.lexilogos.com/keyboard/avestan_latin.html]
[www.lexilogos.com/keyboard/azeri_cyrillic.html]
[www.lexilogos.com/keyboard/bali.html]
[www.lexilogos.com/keyboard/kaithi.html]
[www.lexilogos.com/keyboard/arebica.html]
[www.lexilogos.com/keyboard/buhid.html]
[www.lexilogos.com/keyboard/chakma.html]
[www.lexilogos.com/keyboard/ewe.html]
[www.lexilogos.com/keyboard/german_fraktur.html]
[www.lexilogos.com/keyboard/gothic_latin.html]
[www.lexilogos.com/keyboard/cypriot.html]
[www.lexilogos.com/keyboard/linear_b.html]
[www.lexilogos.com/keyboard/guarani.html]
[www.lexilogos.com/keyboard/haitian.html]
[www.lexilogos.com/keyboard/hanunoo.html]
[www.lexilogos.com/keyboard/hausa_ajami.html]
[www.lexilogos.com/keyboard/hebrew_rashi.html]
[www.lexilogos.com/keyboard/rovas.html]
[www.lexilogos.com/keyboard/nunavik.html]
[www.lexilogos.com/keyboard/italic.html]
[www.lexilogos.com/keyboard/jawa.html]
[www.lexilogos.com/keyboard/kawi.html]
[www.lexilogos.com/keyboard/kazakh_latin.html]
[www.lexilogos.com/keyboard/kazakh_arabic.html]
[www.lexilogos.com/keyboard/kurdish_cyrillic.html]
[www.lexilogos.com/keyboard/sami.html]
[www.lexilogos.com/keyboard/latvian_fraktur.html]
[www.lexilogos.com/keyboard/mingrelian.html]
[www.lexilogos.com/keyboard/mongolian_bichig.html]
[www.lexilogos.com/keyboard/nabataean.html]
[www.lexilogos.com/keyboard/occitan.html]
[www.lexilogos.com/keyboard/ogham.html]
[www.lexilogos.com/keyboard/ossetian.html]
[www.lexilogos.com/keyboard/shahmukhi.html]
[www.lexilogos.com/keyboard/rohingya.html]
[www.lexilogos.com/keyboard/russian_latin.html]
[www.lexilogos.com/keyboard/nandinagari.html]
[www.lexilogos.com/keyboard/santali.html]
[www.lexilogos.com/keyboard/santali_latin.html]
[www.lexilogos.com/keyboard/sorbian.html]
[www.lexilogos.com/keyboard/swahili_ajami.html]
[www.lexilogos.com/keyboard/tagbanwa.html]
[www.lexilogos.com/keyboard/tatar_latin.html]
[www.lexilogos.com/keyboard/tatar_crimean.html]
[www.lexilogos.com/keyboard/tatar_crimean_latin.html]
[www.lexilogos.com/keyboard/tatar_dobrujan.html]
[www.lexilogos.com/keyboard/tifinagh.html]
[www.lexilogos.com/keyboard/turkmen_cyrillic.html]
[www.lexilogos.com/keyboard/ukrainian_latin.html]
[www.lexilogos.com/keyboard/uyghur_old.html]
[www.lexilogos.com/keyboard/capital_small_letters_conversion.html]
[www.lexilogos.com/keyboard/turkish_capital_small_letters_conversion.html]
[www.lexilogos.com/keyboard/morse.html]
[www.lexilogos.com/keyboard/azeri_conversion.html]
[www.lexilogos.com/keyboard/belarusian_conversion.html]
[www.lexilogos.com/keyboard/bulgarian_conversion.html]
[www.lexilogos.com/keyboard/kazakh_conversion.html]
[www.lexilogos.com/keyboard/macedonian_conversion.html]
[www.lexilogos.com/keyboard/mongolian_conversion.html]
[www.lexilogos.com/keyboard/russian_conversion.html]
[www.lexilogos.com/keyboard/serbian_conversion.html]
[www.lexilogos.com/keyboard/tajik_conversion.html]
[www.lexilogos.com/keyboard/turkmen_conversion.html]
[www.lexilogos.com/keyboard/ukrainian_conversion.html]
[www.lexilogos.com/keyboard/uzbek_conversion.html]
[www.lexilogos.com/keyboard/greek_conversion.html]
[www.lexilogos.com/keyboard/greek_modern_conversion.html]
[www.lexilogos.com/keyboard/armenian_conversion.html]
[www.lexilogos.com/keyboard/georgian_conversion.html]
[www.lexilogos.com/keyboard/mingrelian_conversion.html]
[www.lexilogos.com/keyboard/hiragana_conversion.html]
[www.lexilogos.com/keyboard/katakana_conversion.html]
[www.lexilogos.com/keyboard/korean_conversion.html]
[www.lexilogos.com/keyboard/arabic_conversion.html]
[www.lexilogos.com/keyboard/amharic_conversion.html]
[www.lexilogos.com/keyboard/kurdish_conversion.html]
[www.lexilogos.com/keyboard/yiddish_conversion.html]
[www.lexilogos.com/keyboard/meitei_conversion.html]
[www.lexilogos.com/keyboard/avestan_conversion.html]
[www.lexilogos.com/keyboard/ol_chiki_conversion.html]
[www.lexilogos.com/keyboard/tsalagi_conversion.html]
[www.lexilogos.com/keyboard/inuktitut_conversion.html]
[www.lexilogos.com/keyboard/nunavik_conversion.html]
[www.lexilogos.com/keyboard/pinyin_conversion.html]
[www.lexilogos.com/keyboard/chinese_conversion.html]
[www.lexilogos.com/keyboard/greek_letter.html]
[www.lexilogos.com/keyboard/arabic_letter.html]
[www.lexilogos.com/keyboard/hiragana_test.html]
[www.lexilogos.com/keyboard/index.html]
[www.lexilogos.com/keyboard/sanskrit_test.html]
[www.lexilogos.com/keyboard/font/NotoSans-Regular.ttf]
[www.lexilogos.com/code/carapi.js]
[www.lexilogos.com/code/affi.js]
[www.lexilogos.com/images/api_voyelles.png]
[www.lexilogos.com/keyboard/ipa.html]
[www.lexilogos.com/code/carlatoc.js]
[www.lexilogos.com/keyboard/latin_alphabet.html]
[www.lexilogos.com/keyboard/diacritics.html]
[www.lexilogos.com/code/caralb.js]
[www.lexilogos.com/keyboard/albanian.html]
[www.lexilogos.com/keyboard/font/NotoSansEthiopic-Regular.ttf]
[www.lexilogos.com/code/caramh.js]
[www.lexilogos.com/keyboard/amharic.html]
[www.lexilogos.com/code/carar.js]
[www.lexilogos.com/keyboard/arabic.html]
[www.lexilogos.com/code/cararlat.js]
[www.lexilogos.com/keyboard/arabic_latin.html]
[www.lexilogos.com/keyboard/font/NotoSansOldNorthArabian-Regular.ttf]
[www.lexilogos.com/code/cararn.js]
[www.lexilogos.com/keyboard/arabian_north.html]
[www.lexilogos.com/code/carars.js]
[www.lexilogos.com/keyboard/arabian_south.html]
[www.lexilogos.com/code/cararm.js]
[www.lexilogos.com/keyboard/armenian.html]
[www.lexilogos.com/code/cararmocc.js]
[www.lexilogos.com/keyboard/armenian_western.html]
[www.lexilogos.com/code/caraze.js]
[www.lexilogos.com/keyboard/azeri.html]
[www.lexilogos.com/code/carbash.js]
[www.lexilogos.com/keyboard/bashkir.html]
[www.lexilogos.com/keyboard/font/NotoSansTagalog-Regular.ttf]
[www.lexilogos.com/code/carbayb6f5.js]
[www.lexilogos.com/keyboard/baybayin.html]
[www.lexilogos.com/code/carbiel5055.js]
[www.lexilogos.com/keyboard/belarusian.html]
[www.lexilogos.com/keyboard/font/NotoSansBengali-Regular.ttf]
[www.lexilogos.com/code/carben.js]
[www.lexilogos.com/keyboard/bengali.html]
[www.lexilogos.com/code/carta.js]
[www.lexilogos.com/keyboard/tamazight_latin.html]
[www.lexilogos.com/keyboard/font/Tifinaghe-Ircam Unicode.ttf]
[www.lexilogos.com/code/carti.js]
[www.lexilogos.com/keyboard/tamazight.html]
[www.lexilogos.com/code/carcro.js]
[www.lexilogos.com/keyboard/bosnian.html]
[www.lexilogos.com/code/carbrah.js]
[www.lexilogos.com/keyboard/brahmi.html]
[www.lexilogos.com/code/carbul5055.js]
[www.lexilogos.com/keyboard/bulgarian.html]
[www.lexilogos.com/code/carbirc66d.js]
[www.lexilogos.com/keyboard/burmese.html]
[www.lexilogos.com/code/carlat.js]
[www.lexilogos.com/keyboard/catalan.html]
[www.lexilogos.com/code/cartch77ae.js]
[www.lexilogos.com/keyboard/chechen.html]
[www.lexilogos.com/code/carchero.js]
[www.lexilogos.com/keyboard/tsalagi.html]
[www.lexilogos.com/code/zhkb.js]
[www.lexilogos.com/images/touche_tabulation.gif]
[www.lexilogos.com/keyboard/chinese.html]
[www.lexilogos.com/code/carch77ae.js]
[www.lexilogos.com/keyboard/chinese_pinyin.html]
[www.lexilogos.com/keyboard/font/Antinoou.ttf]
[www.lexilogos.com/code/carcop.js]
[www.lexilogos.com/keyboard/coptic.html]
[www.lexilogos.com/keyboard/croatian.html]
[www.lexilogos.com/code/cartche.js]
[www.lexilogos.com/keyboard/czech.html]
[www.lexilogos.com/code/cardan.js]
[www.lexilogos.com/keyboard/danish.html]
[www.lexilogos.com/code/carnee.js]
[www.lexilogos.com/keyboard/dutch.html]
[www.lexilogos.com/keyboard/font/Aegyptus.otf]
[www.lexilogos.com/code/hikb.js]
[www.lexilogos.com/keyboard/hieroglyph.html]
[www.lexilogos.com/code/caregy.js]
[www.lexilogos.com/keyboard/egyptian_latin.html]
[www.lexilogos.com/code/careng.js]
[www.lexilogos.com/keyboard/english.html]
[www.lexilogos.com/code/carespe.js]
[www.lexilogos.com/keyboard/esperanto.html]
[www.lexilogos.com/code/carest.js]
[www.lexilogos.com/keyboard/estonian.html]
[www.lexilogos.com/code/carfer.js]
[www.lexilogos.com/keyboard/faroese.html]
[www.lexilogos.com/code/carfin.js]
[www.lexilogos.com/keyboard/finnish.html]
[www.lexilogos.com/code/carfra.js]
[www.lexilogos.com/keyboard/french.html]
[www.lexilogos.com/keyboard/font/Bunchlo.ttf]
[www.lexilogos.com/keyboard/font/Gadelica.otf]
[www.lexilogos.com/code/cargael.js]
[www.lexilogos.com/images/gaelic.png]
[www.lexilogos.com/keyboard/gaelic_irish.html]
[www.lexilogos.com/code/cargaelec.js]
[www.lexilogos.com/keyboard/gaelic_scottish.html]
[www.lexilogos.com/code/carkar.js]
[www.lexilogos.com/keyboard/georgian.html]
[www.lexilogos.com/code/cardeu.js]
[www.lexilogos.com/keyboard/german.html]
[www.lexilogos.com/keyboard/font/damase_v.2.ttf]
[www.lexilogos.com/code/cargla.js]
[www.lexilogos.com/keyboard/glagolitic.html]
[www.lexilogos.com/keyboard/font/NotoSansGothic-Regular.ttf]
[www.lexilogos.com/code/cargot.js]
[www.lexilogos.com/keyboard/gothic.html]
[www.lexilogos.com/keyboard/font/NotoSerifGrantha-Regular.ttf]
[www.lexilogos.com/code/cargran544b.js]
[www.lexilogos.com/keyboard/grantha.html]
[www.lexilogos.com/code/carela934a.js]
[www.lexilogos.com/keyboard/greek_ancient.html]
[www.lexilogos.com/code/carel.js]
[www.lexilogos.com/keyboard/greek_modern.html]
[www.lexilogos.com/code/carellat.js]
[www.lexilogos.com/keyboard/greek_latin.html]
[www.lexilogos.com/code/carguj.js]
[www.lexilogos.com/keyboard/gujarati.html]
[www.lexilogos.com/code/carhaus.js]
[www.lexilogos.com/keyboard/hausa.html]
[www.lexilogos.com/code/carhaw.js]
[www.lexilogos.com/keyboard/hawaiian.html]
[www.lexilogos.com/keyboard/font/SILEOT.ttf]
[www.lexilogos.com/keyboard/font/GveretLevinAlefAlefAlef-Regular.ttf]
[www.lexilogos.com/code/carhe77ae.js]
[www.lexilogos.com/keyboard/hebrew.html]
[www.lexilogos.com/code/carhelat.js]
[www.lexilogos.com/keyboard/hebrew_latin.html]
[www.lexilogos.com/code/cardeva.js]
[www.lexilogos.com/keyboard/font/chandas.ttf]
[www.lexilogos.com/keyboard/devanagari.html]
[www.lexilogos.com/code/carhon.js]
[www.lexilogos.com/keyboard/hungarian.html]
[www.lexilogos.com/code/carisl.js]
[www.lexilogos.com/keyboard/icelandic.html]
[www.lexilogos.com/code/carie.js]
[www.lexilogos.com/keyboard/indo_european.html]
[www.lexilogos.com/keyboard/ingush.html]
[www.lexilogos.com/keyboard/font/NotoSansCanadianAboriginal-Regular.ttf]
[www.lexilogos.com/code/carinuk.js]
[www.lexilogos.com/keyboard/inuktitut.html]
[www.lexilogos.com/code/carita.js]
[www.lexilogos.com/keyboard/italian.html]
[www.lexilogos.com/code/carnikaji.js]
[www.lexilogos.com/code/nikb.js]
[www.lexilogos.com/keyboard/japanese.html]
[www.lexilogos.com/code/carni.js]
[www.lexilogos.com/keyboard/hiragana.html]
[www.lexilogos.com/code/carnik.js]
[www.lexilogos.com/keyboard/katakana.html]
[www.lexilogos.com/code/carjaw.js]
[www.lexilogos.com/keyboard/jawi.html]
[www.lexilogos.com/keyboard/font/NotoSansKannada-Regular.ttf]
[www.lexilogos.com/code/carkan.js]
[www.lexilogos.com/keyboard/kannada.html]
[www.lexilogos.com/keyboard/font/Scheherazade-Regular.ttf]
[www.lexilogos.com/code/carkas.js]
[www.lexilogos.com/keyboard/kashmiri.html]
[www.lexilogos.com/code/carcac.js]
[www.lexilogos.com/keyboard/kashubian.html]
[www.lexilogos.com/code/carkaz.js]
[www.lexilogos.com/keyboard/kazakh.html]
[www.lexilogos.com/keyboard/font/Mo4V55.ttf]
[www.lexilogos.com/code/carkh.js]
[www.lexilogos.com/keyboard/khmer.html]
[www.lexilogos.com/code/carkhow.js]
[www.lexilogos.com/keyboard/khowar.html]
[www.lexilogos.com/code/hang_s.js]
[www.lexilogos.com/code/hang.js]
[www.lexilogos.com/keyboard/korean.html]
[www.lexilogos.com/code/carkurd.js]
[www.lexilogos.com/keyboard/kurdish.html]
[www.lexilogos.com/keyboard/kurdish_cyrillic_conversion.html]
[www.lexilogos.com/code/carkir5055.js]
[www.lexilogos.com/keyboard/kyrgyz.html]
[www.lexilogos.com/keyboard/font/NotoSerifLao-Regular.ttf]
[www.lexilogos.com/code/carlao.js]
[www.lexilogos.com/keyboard/lao.html]
[www.lexilogos.com/code/carla.js]
[www.lexilogos.com/keyboard/latin.html]
[www.lexilogos.com/code/carlet.js]
[www.lexilogos.com/keyboard/latvian.html]
[www.lexilogos.com/code/carlin.js]
[www.lexilogos.com/keyboard/lingala.html]
[www.lexilogos.com/code/carlit.js]
[www.lexilogos.com/keyboard/lithuanian.html]
[www.lexilogos.com/code/carmak68b3.js]
[www.lexilogos.com/keyboard/macedonian.html]
[www.lexilogos.com/keyboard/font/NotoSansMalayalam-Regular.ttf]
[www.lexilogos.com/code/carmala77ae.js]
[www.lexilogos.com/keyboard/malayalam.html]
[www.lexilogos.com/code/carthaa.js]
[www.lexilogos.com/keyboard/thaana.html]
[www.lexilogos.com/code/carmalt.js]
[www.lexilogos.com/keyboard/maltese.html]
[www.lexilogos.com/code/carmao.js]
[www.lexilogos.com/keyboard/maori.html]
[www.lexilogos.com/code/carmeit.js]
[www.lexilogos.com/keyboard/meitei.html]
[www.lexilogos.com/code/carmong.js]
[www.lexilogos.com/keyboard/mongolian.html]
[www.lexilogos.com/code/carmonten.js]
[www.lexilogos.com/keyboard/montenegrin.html]
[www.lexilogos.com/keyboard/norwegian.html]
[www.lexilogos.com/keyboard/font/NotoSansOriya-Regular.ttf]
[www.lexilogos.com/code/carodia.js]
[www.lexilogos.com/keyboard/odia.html]
[www.lexilogos.com/code/carpash.js]
[www.lexilogos.com/keyboard/pashto.html]
[www.lexilogos.com/code/carfa544b.js]
[www.lexilogos.com/keyboard/persian.html]
[www.lexilogos.com/keyboard/font/NotoSansOldPersian-Regular.ttf]
[www.lexilogos.com/code/carper.js]
[www.lexilogos.com/keyboard/persian_old.html]
[www.lexilogos.com/code/carphe.js]
[www.lexilogos.com/keyboard/phoenician.html]
[www.lexilogos.com/keyboard/phoenician_latin.html]
[www.lexilogos.com/code/carpol.js]
[www.lexilogos.com/keyboard/polish.html]
[www.lexilogos.com/code/carpt.js]
[www.lexilogos.com/keyboard/portuguese.html]
[www.lexilogos.com/keyboard/font/Saab.otf]
[www.lexilogos.com/code/cargurm.js]
[www.lexilogos.com/keyboard/gurmukhi.html]
[www.lexilogos.com/code/carrom77ae.js]
[www.lexilogos.com/keyboard/romanian.html]
[www.lexilogos.com/keyboard/font/junicode.ttf]
[www.lexilogos.com/code/carrune.js]
[www.lexilogos.com/keyboard/futhark.html]
[www.lexilogos.com/code/carruneanc.js]
[www.lexilogos.com/keyboard/futhark_old.html]
[www.lexilogos.com/code/carru5055.js]
[www.lexilogos.com/keyboard/russian.html]
[www.lexilogos.com/keyboard/font/NotoSansSamaritan-Regular.ttf]
[www.lexilogos.com/code/carsam.js]
[www.lexilogos.com/keyboard/samaritan.html]
[www.lexilogos.com/keyboard/sanskrit_devanagari.html]
[www.lexilogos.com/keyboard/font/siddhanta-calcutta-x.ttf]
[www.lexilogos.com/keyboard/font/siddhanta-calcutta.ttf]
[www.lexilogos.com/keyboard/sanskrit_devanagari_uttara.html]
[www.lexilogos.com/code/carsan.js]
[www.lexilogos.com/keyboard/sanskrit_latin.html]
[www.lexilogos.com/code/carsb.js]
[www.lexilogos.com/keyboard/serbian.html]
[www.lexilogos.com/keyboard/serbian_latin.html]
[www.lexilogos.com/code/carsind.js]
[www.lexilogos.com/keyboard/sindhi.html]
[www.lexilogos.com/keyboard/font/NotoSansSinhala-Regular.ttf]
[www.lexilogos.com/code/carsin.js]
[www.lexilogos.com/keyboard/sinhala.html]
[www.lexilogos.com/code/carslova.js]
[www.lexilogos.com/keyboard/slovak.html]
[www.lexilogos.com/code/carslove.js]
[www.lexilogos.com/keyboard/slovenian.html]
[www.lexilogos.com/keyboard/font/NotoSansOsmanya-Regular.ttf]
[www.lexilogos.com/code/carsom.js]
[www.lexilogos.com/keyboard/osmanya.html]
[www.lexilogos.com/code/carso.js]
[www.lexilogos.com/keyboard/sorani.html]
[www.lexilogos.com/code/caresp.js]
[www.lexilogos.com/keyboard/spanish.html]
[www.lexilogos.com/code/carsve.js]
[www.lexilogos.com/keyboard/swedish.html]
[www.lexilogos.com/keyboard/font/SyrCOMAntioch.otf]
[www.lexilogos.com/keyboard/font/SyrCOMJerusalem.otf]
[www.lexilogos.com/keyboard/font/SyrCOMCtesiphon.otf]
[www.lexilogos.com/code/carsyr77ae.js]
[www.lexilogos.com/keyboard/syriac.html]
[www.lexilogos.com/code/carsyrlat.js]
[www.lexilogos.com/keyboard/syriac_latin.html]
[www.lexilogos.com/code/cartadj5055.js]
[www.lexilogos.com/keyboard/tajik.html]
[www.lexilogos.com/keyboard/font/NotoSansTamil-Regular.ttf]
[www.lexilogos.com/code/cartam77ae.js]
[www.lexilogos.com/keyboard/tamil.html]
[www.lexilogos.com/code/cartat.js]
[www.lexilogos.com/keyboard/tatar.html]
[www.lexilogos.com/keyboard/font/NotoSansTelugu-Regular.ttf]
[www.lexilogos.com/code/cartelu.js]
[www.lexilogos.com/keyboard/telugu.html]
[www.lexilogos.com/keyboard/font/NotoSerifThai-Regular.ttf]
[www.lexilogos.com/code/carthai.js]
[www.lexilogos.com/keyboard/thai.html]
[www.lexilogos.com/keyboard/font/NotoSerifTibetan-Regular.ttf]
[www.lexilogos.com/code/cartib.js]
[www.lexilogos.com/keyboard/tibetan.html]
[www.lexilogos.com/keyboard/tigrinya.html]
[www.lexilogos.com/code/cartorwali.js]
[www.lexilogos.com/keyboard/torwali.html]
[www.lexilogos.com/code/carturc.js]
[www.lexilogos.com/keyboard/turkish.html]
[www.lexilogos.com/code/carot840f.js]
[www.lexilogos.com/keyboard/ottoman_turkish.html]
[www.lexilogos.com/code/cartkm5055.js]
[www.lexilogos.com/keyboard/turkmen.html]
[www.lexilogos.com/code/caruk5055.js]
[www.lexilogos.com/keyboard/ukrainian.html]
[www.lexilogos.com/keyboard/font/Aleem_Urdu_Unicode_Regular.ttf]
[www.lexilogos.com/code/carurd.js]
[www.lexilogos.com/keyboard/urdu.html]
[www.lexilogos.com/code/carouig.js]
[www.lexilogos.com/keyboard/uyghur.html]
[www.lexilogos.com/code/caruz.js]
[www.lexilogos.com/keyboard/uzbek.html]
[www.lexilogos.com/code/carvt.js]
[www.lexilogos.com/keyboard/vietnamese.html]
[www.lexilogos.com/code/carcym.js]
[www.lexilogos.com/keyboard/welsh.html]
[www.lexilogos.com/code/carwol.js]
[www.lexilogos.com/keyboard/wolof.html]
[www.lexilogos.com/keyboard/font/Mashkit.ttf]
[www.lexilogos.com/code/caryid.js]
[www.lexilogos.com/keyboard/yiddish.html]
[www.lexilogos.com/code/caryor.js]
[www.lexilogos.com/keyboard/yoruba.html]
[www.lexilogos.com/code/consa.js]
[www.lexilogos.com/keyboard/sanskrit_conversion.html]
[www.lexilogos.com/images/abkhazie_drapeau.png]
[www.lexilogos.com/code/carabk5055.js]
[www.lexilogos.com/keyboard/abkhaz.html]
[www.lexilogos.com/code/cargzlat.js]
[www.lexilogos.com/images/lexilogos.gif]
[www.lexilogos.com/images/clavier_logo.gif]
[www.lexilogos.com/images/eng.gif]
[www.lexilogos.com/keyboard/amharic_latin.html]
[www.lexilogos.com/code/cararam.js]
[www.lexilogos.com/keyboard/aramaic.html]
[www.lexilogos.com/code/carasam.js]
[www.lexilogos.com/keyboard/assamese.html]
[www.lexilogos.com/keyboard/font/NotoSansAvestan-Regular.ttf]
[www.lexilogos.com/code/caravest.js]
[www.lexilogos.com/keyboard/avestan.html]
[www.lexilogos.com/code/caravelat.js]
[www.lexilogos.com/keyboard/avestan_latin.html]
[www.lexilogos.com/code/caraze_cyr.js]
[www.lexilogos.com/keyboard/azeri_cyrillic.html]
[www.lexilogos.com/keyboard/font/NotoSansBalinese-Regular.ttf]
[www.lexilogos.com/code/carbali.js]
[www.lexilogos.com/keyboard/bali.html]
[www.lexilogos.com/keyboard/font/NotoSansKaithi-Regular.ttf]
[www.lexilogos.com/code/carkai.js]
[www.lexilogos.com/keyboard/kaithi.html]
[www.lexilogos.com/code/carbosar.js]
[www.lexilogos.com/keyboard/arebica.html]
[www.lexilogos.com/keyboard/font/NotoSansBuhid-Regular.ttf]
[www.lexilogos.com/code/carbuh.js]
[www.lexilogos.com/keyboard/buhid.html]
[www.lexilogos.com/keyboard/font/NotoSansChakma-Regular.ttf]
[www.lexilogos.com/code/carchak.js]
[www.lexilogos.com/keyboard/chakma.html]
[www.lexilogos.com/code/carewe.js]
[www.lexilogos.com/keyboard/ewe.html]
[www.lexilogos.com/keyboard/font/UnifrakturMaguntia.ttf]
[www.lexilogos.com/keyboard/font/UnifrakturMaguntia16.ttf]
[www.lexilogos.com/keyboard/font/UnifrakturMaguntia17.ttf]
[www.lexilogos.com/keyboard/font/UnifrakturMaguntia18.ttf]
[www.lexilogos.com/keyboard/font/UnifrakturMaguntia19.ttf]
[www.lexilogos.com/keyboard/font/UnifrakturMaguntia20.ttf]
[www.lexilogos.com/code/cardeufrak.js]
[www.lexilogos.com/keyboard/german_fraktur.html]
[www.lexilogos.com/code/cargotlat.js]
[www.lexilogos.com/keyboard/gothic_latin.html]
[www.lexilogos.com/keyboard/font/Aegean.ttf]
[www.lexilogos.com/code/carchyp.js]
[www.lexilogos.com/keyboard/cypriot.html]
[www.lexilogos.com/code/carlinb.js]
[www.lexilogos.com/keyboard/linear_b.html]
[www.lexilogos.com/code/cargua.js]
[www.lexilogos.com/keyboard/guarani.html]
[www.lexilogos.com/code/carhai.js]
[www.lexilogos.com/images/plansite.gif]
[www.lexilogos.com/keyboard/haitian.html]
[www.lexilogos.com/keyboard/font/NotoSansHanunoo-Regular.ttf]
[www.lexilogos.com/code/carhanun.js]
[www.lexilogos.com/keyboard/hanunoo.html]
[www.lexilogos.com/keyboard/font/Alkalami-Regular.ttf]
[www.lexilogos.com/code/carhausar.js]
[www.lexilogos.com/keyboard/hausa_ajami.html]
[www.lexilogos.com/keyboard/font/BenOrRashiRegular.otf]
[www.lexilogos.com/code/carhera.js]
[www.lexilogos.com/keyboard/hebrew_rashi.html]
[www.lexilogos.com/keyboard/font/NotoSansOldHungarian-Regular.ttf]
[www.lexilogos.com/code/carrunehon.js]
[www.lexilogos.com/keyboard/rovas.html]
[www.lexilogos.com/code/carnuna.js]
[www.lexilogos.com/keyboard/nunavik.html]
[www.lexilogos.com/code/carital.js]
[www.lexilogos.com/keyboard/italic.html]
[www.lexilogos.com/keyboard/font/NotoSansJavanese-Regular.ttf]
[www.lexilogos.com/code/carjav.js]
[www.lexilogos.com/keyboard/jawa.html]
[www.lexilogos.com/keyboard/font/NotoSansKawi-Regular.ttf]
[www.lexilogos.com/code/carkawi77ae.js]
[www.lexilogos.com/keyboard/kawi.html]
[www.lexilogos.com/code/carkazlat.js]
[www.lexilogos.com/keyboard/kazakh_latin.html]
[www.lexilogos.com/code/carkazara.js]
[www.lexilogos.com/keyboard/kazakh_arabic.html]
[www.lexilogos.com/code/carkurdcyr.js]
[www.lexilogos.com/keyboard/kurdish_cyrillic.html]
[www.lexilogos.com/code/carsami.js]
[www.lexilogos.com/keyboard/sami.html]
[www.lexilogos.com/code/carletfrak.js]
[www.lexilogos.com/keyboard/latvian_fraktur.html]
[www.lexilogos.com/keyboard/mingrelian.html]
[www.lexilogos.com/keyboard/font/mnglwhiteotf.ttf]
[www.lexilogos.com/code/carmongtrad.js]
[www.lexilogos.com/keyboard/mongolian_bichig.html]
[www.lexilogos.com/keyboard/font/NotoSansNabataean-Regular.ttf]
[www.lexilogos.com/code/carnab.js]
[www.lexilogos.com/keyboard/nabataean.html]
[www.lexilogos.com/keyboard/occitan.html]
[www.lexilogos.com/code/carogh.js]
[www.lexilogos.com/keyboard/ogham.html]
[www.lexilogos.com/code/caross.js]
[www.lexilogos.com/keyboard/ossetian.html]
[www.lexilogos.com/code/carpanjara.js]
[www.lexilogos.com/keyboard/shahmukhi.html]
[www.lexilogos.com/code/carroh.js]
[www.lexilogos.com/keyboard/rohingya.html]
[www.lexilogos.com/keyboard/rohingya_hanifi.html]
[www.lexilogos.com/code/carruslat.js]
[www.lexilogos.com/keyboard/russian_latin.html]
[www.lexilogos.com/keyboard/font/NotoSansNandinagari-Regular.ttf]
[www.lexilogos.com/code/carnand.js]
[www.lexilogos.com/keyboard/nandinagari.html]
[www.lexilogos.com/keyboard/font/NotoSansOlChiki-Regular.ttf]
[www.lexilogos.com/code/carol.js]
[www.lexilogos.com/keyboard/santali.html]
[www.lexilogos.com/code/carsantal.js]
[www.lexilogos.com/keyboard/santali_latin.html]
[www.lexilogos.com/code/carsor.js]
[www.lexilogos.com/keyboard/sorbian.html]
[www.lexilogos.com/code/carswa.js]
[www.lexilogos.com/keyboard/swahili_ajami.html]
[www.lexilogos.com/keyboard/font/NotoSansTagbanwa-Regular.ttf]
[www.lexilogos.com/code/cartagba.js]
[www.lexilogos.com/keyboard/tagbanwa.html]
[www.lexilogos.com/code/cartatlat.js]
[www.lexilogos.com/keyboard/tatar_latin.html]
[www.lexilogos.com/code/carqir.js]
[www.lexilogos.com/keyboard/tatar_crimean.html]
[www.lexilogos.com/code/carqirlat.js]
[www.lexilogos.com/keyboard/tatar_crimean_latin.html]
[www.lexilogos.com/code/carqirdoblat.js]
[www.lexilogos.com/keyboard/tatar_dobrujan.html]
[www.lexilogos.com/code/cartif.js]
[www.lexilogos.com/keyboard/tifinagh.html]
[www.lexilogos.com/keyboard/tuareg_latin.html]
[www.lexilogos.com/code/cartkm_cyr.js]
[www.lexilogos.com/keyboard/turkmen_cyrillic.html]
[www.lexilogos.com/code/carukrlat.js]
[www.lexilogos.com/keyboard/byeloukrainian.htm]
[www.lexilogos.com/keyboard/ukrainian_latin.html]
[www.lexilogos.com/keyboard/font/NotoSerifOldUyghur-Regular.ttf]
[www.lexilogos.com/code/caruyold.js]
[www.lexilogos.com/keyboard/uyghur_old.html]
[www.lexilogos.com/code/lowup.js]
[www.lexilogos.com/keyboard/capital_small_letters_conversion.html]
[www.lexilogos.com/code/lowup_turc.js]
[www.lexilogos.com/keyboard/turkish_capital_small_letters_conversion.html]
[www.lexilogos.com/code/conmor.js]
[www.lexilogos.com/code/savemorse.js]
[www.lexilogos.com/keyboard/morse.html]
[www.lexilogos.com/code/conaze.js]
[www.lexilogos.com/keyboard/azeri_conversion.html]
[www.lexilogos.com/code/conbielo.js]
[www.lexilogos.com/keyboard/belarusian_conversion.html]
[www.lexilogos.com/code/conbul.js]
[www.lexilogos.com/keyboard/bulgarian_conversion.html]
[www.lexilogos.com/code/conkaz.js]
[www.lexilogos.com/keyboard/kazakh_conversion.html]
[www.lexilogos.com/code/conmak.js]
[www.lexilogos.com/keyboard/macedonian_conversion.html]
[www.lexilogos.com/code/conmong.js]
[www.lexilogos.com/keyboard/mongolian_conversion.html]
[www.lexilogos.com/code/conru.js]
[www.lexilogos.com/keyboard/russian_conversion.html]
[www.lexilogos.com/code/consr.js]
[www.lexilogos.com/keyboard/serbian_conversion.html]
[www.lexilogos.com/code/contadj.js]
[www.lexilogos.com/keyboard/tajik_conversion.html]
[www.lexilogos.com/code/contk.js]
[www.lexilogos.com/keyboard/turkmen_conversion.html]
[www.lexilogos.com/code/conuk.js]
[www.lexilogos.com/keyboard/ukrainian_conversion.html]
[www.lexilogos.com/code/conuz.js]
[www.lexilogos.com/keyboard/uzbek_conversion.html]
[www.lexilogos.com/code/congr.js]
[www.lexilogos.com/code/congrs.js]
[www.lexilogos.com/code/minmaj.js]
[www.lexilogos.com/keyboard/greek_conversion.html]
[www.lexilogos.com/code/congrm.js]
[www.lexilogos.com/code/congrmw.js]
[www.lexilogos.com/code/congra.js]
[www.lexilogos.com/keyboard/greek_modern_conversion.html]
[www.lexilogos.com/code/conarm.js]
[www.lexilogos.com/keyboard/armenian_conversion.html]
[www.lexilogos.com/code/conkar.js]
[www.lexilogos.com/keyboard/georgian_conversion.html]
[www.lexilogos.com/keyboard/mingrelian_conversion.html]
[www.lexilogos.com/code/conjap.js]
[www.lexilogos.com/keyboard/hiragana_conversion.html]
[www.lexilogos.com/code/conjapk.js]
[www.lexilogos.com/keyboard/katakana_conversion.html]
[www.lexilogos.com/code/conkr.js]
[www.lexilogos.com/keyboard/korean_conversion.html]
[www.lexilogos.com/code/conar.js]
[www.lexilogos.com/keyboard/arabic_conversion.html]
[www.lexilogos.com/code/conamh.js]
[www.lexilogos.com/keyboard/amharic_conversion.html]
[www.lexilogos.com/code/consor.js]
[www.lexilogos.com/keyboard/kurdish_conversion.html]
[www.lexilogos.com/code/conyi.js]
[www.lexilogos.com/keyboard/yiddish_conversion.html]
[www.lexilogos.com/code/conmeit.js]
[www.lexilogos.com/keyboard/meitei_conversion.html]
[www.lexilogos.com/code/conavest.js]
[www.lexilogos.com/keyboard/avestan_conversion.html]
[www.lexilogos.com/code/conol.js]
[www.lexilogos.com/keyboard/ol_chiki_conversion.html]
[www.lexilogos.com/code/conchero.js]
[www.lexilogos.com/keyboard/tsalagi_conversion.html]
[www.lexilogos.com/code/coninuk.js]
[www.lexilogos.com/keyboard/inuktitut_conversion.html]
[www.lexilogos.com/code/connuna.js]
[www.lexilogos.com/keyboard/nunavik_conversion.html]
[www.lexilogos.com/code/conpy77ae.js]
[www.lexilogos.com/keyboard/pinyin_conversion.html]
[www.lexilogos.com/code/zhsimtra.js]
[www.lexilogos.com/keyboard/chinese_conversion.html]
[www.lexilogos.com/keyboard/greek_letter.html]
[www.lexilogos.com/keyboard/greek_test.html]
[www.lexilogos.com/keyboard/arabic_letter.html]
[www.lexilogos.com/keyboard/arabic_test.html]
[www.lexilogos.com/keyboard/hiragana_test.html]
[www.lexilogos.com/keyboard/hiragana_characters.html]
[www.lexilogos.com/keyboard/sanskrit_test.html]
[www.lexilogos.com/keyboard/sanskrit_caracteres.html]
[www.lexilogos.com/code/conkurdcyr.js]
[www.lexilogos.com/keyboard/kurdish_cyrillic_conversion.html]
[www.lexilogos.com/keyboard/phoenician_latin.html]
[www.lexilogos.com/keyboard/font/junicode.html]
[www.lexilogos.com/keyboard/font/NotoSansHanifiRohingya-Regular.ttf]
[www.lexilogos.com/code/carrohanc66d.js]
[www.lexilogos.com/keyboard/rohingya_hanifi.html]
[www.lexilogos.com/code/cartouareg.js]
[www.lexilogos.com/keyboard/tamazight_Latin.htm]
[www.lexilogos.com/keyboard/tuareg_latin.html]
[www.lexilogos.com/keyboard/byeloukrainian.html]
[www.lexilogos.com/keyboard/greek_test.html]
[www.lexilogos.com/keyboard/arabic_test.html]
[www.lexilogos.com/keyboard/hiragana_characters.html]
[www.lexilogos.com/keyboard/sanskrit_caracteres.html]
[www.lexilogos.com/keyboard/tamazight_Latin-2.html]
